Archive member included to satisfy reference by file (symbol)

C:/Users/user/Applications/STM32CubeIDE/plugins/com.st.stm32cube.ide.mcu.externaltools.gnu-tools-for-stm32.12.3.rel1.win32_1.0.100.202403111256/tools/bin/../lib/gcc/arm-none-eabi/12.3.1/../../../../arm-none-eabi/lib/thumb/v7e-m+fp/hard\libc_nano.a(libc_a-exit.o)
                              C:/Users/user/Applications/STM32CubeIDE/plugins/com.st.stm32cube.ide.mcu.externaltools.gnu-tools-for-stm32.12.3.rel1.win32_1.0.100.202403111256/tools/bin/../lib/gcc/arm-none-eabi/12.3.1/../../../../arm-none-eabi/lib/thumb/v7e-m+fp/hard/crt0.o (exit)
C:/Users/user/Applications/STM32CubeIDE/plugins/com.st.stm32cube.ide.mcu.externaltools.gnu-tools-for-stm32.12.3.rel1.win32_1.0.100.202403111256/tools/bin/../lib/gcc/arm-none-eabi/12.3.1/../../../../arm-none-eabi/lib/thumb/v7e-m+fp/hard\libc_nano.a(libc_a-malloc.o)
                              ./Core/Src/parser.o (malloc)
C:/Users/user/Applications/STM32CubeIDE/plugins/com.st.stm32cube.ide.mcu.externaltools.gnu-tools-for-stm32.12.3.rel1.win32_1.0.100.202403111256/tools/bin/../lib/gcc/arm-none-eabi/12.3.1/../../../../arm-none-eabi/lib/thumb/v7e-m+fp/hard\libc_nano.a(libc_a-mallocr.o)
                              C:/Users/user/Applications/STM32CubeIDE/plugins/com.st.stm32cube.ide.mcu.externaltools.gnu-tools-for-stm32.12.3.rel1.win32_1.0.100.202403111256/tools/bin/../lib/gcc/arm-none-eabi/12.3.1/../../../../arm-none-eabi/lib/thumb/v7e-m+fp/hard\libc_nano.a(libc_a-malloc.o) (_malloc_r)
C:/Users/user/Applications/STM32CubeIDE/plugins/com.st.stm32cube.ide.mcu.externaltools.gnu-tools-for-stm32.12.3.rel1.win32_1.0.100.202403111256/tools/bin/../lib/gcc/arm-none-eabi/12.3.1/../../../../arm-none-eabi/lib/thumb/v7e-m+fp/hard\libc_nano.a(libc_a-mlock.o)
                              C:/Users/user/Applications/STM32CubeIDE/plugins/com.st.stm32cube.ide.mcu.externaltools.gnu-tools-for-stm32.12.3.rel1.win32_1.0.100.202403111256/tools/bin/../lib/gcc/arm-none-eabi/12.3.1/../../../../arm-none-eabi/lib/thumb/v7e-m+fp/hard\libc_nano.a(libc_a-mallocr.o) (__malloc_lock)
C:/Users/user/Applications/STM32CubeIDE/plugins/com.st.stm32cube.ide.mcu.externaltools.gnu-tools-for-stm32.12.3.rel1.win32_1.0.100.202403111256/tools/bin/../lib/gcc/arm-none-eabi/12.3.1/../../../../arm-none-eabi/lib/thumb/v7e-m+fp/hard\libc_nano.a(libc_a-findfp.o)
                              C:/Users/user/Applications/STM32CubeIDE/plugins/com.st.stm32cube.ide.mcu.externaltools.gnu-tools-for-stm32.12.3.rel1.win32_1.0.100.202403111256/tools/bin/../lib/gcc/arm-none-eabi/12.3.1/../../../../arm-none-eabi/lib/thumb/v7e-m+fp/hard\libc_nano.a(libc_a-exit.o) (__stdio_exit_handler)
C:/Users/user/Applications/STM32CubeIDE/plugins/com.st.stm32cube.ide.mcu.externaltools.gnu-tools-for-stm32.12.3.rel1.win32_1.0.100.202403111256/tools/bin/../lib/gcc/arm-none-eabi/12.3.1/../../../../arm-none-eabi/lib/thumb/v7e-m+fp/hard\libc_nano.a(libc_a-fwalk.o)
                              C:/Users/user/Applications/STM32CubeIDE/plugins/com.st.stm32cube.ide.mcu.externaltools.gnu-tools-for-stm32.12.3.rel1.win32_1.0.100.202403111256/tools/bin/../lib/gcc/arm-none-eabi/12.3.1/../../../../arm-none-eabi/lib/thumb/v7e-m+fp/hard\libc_nano.a(libc_a-findfp.o) (_fwalk_sglue)
C:/Users/user/Applications/STM32CubeIDE/plugins/com.st.stm32cube.ide.mcu.externaltools.gnu-tools-for-stm32.12.3.rel1.win32_1.0.100.202403111256/tools/bin/../lib/gcc/arm-none-eabi/12.3.1/../../../../arm-none-eabi/lib/thumb/v7e-m+fp/hard\libc_nano.a(libc_a-stdio.o)
                              C:/Users/user/Applications/STM32CubeIDE/plugins/com.st.stm32cube.ide.mcu.externaltools.gnu-tools-for-stm32.12.3.rel1.win32_1.0.100.202403111256/tools/bin/../lib/gcc/arm-none-eabi/12.3.1/../../../../arm-none-eabi/lib/thumb/v7e-m+fp/hard\libc_nano.a(libc_a-findfp.o) (__sread)
C:/Users/user/Applications/STM32CubeIDE/plugins/com.st.stm32cube.ide.mcu.externaltools.gnu-tools-for-stm32.12.3.rel1.win32_1.0.100.202403111256/tools/bin/../lib/gcc/arm-none-eabi/12.3.1/../../../../arm-none-eabi/lib/thumb/v7e-m+fp/hard\libc_nano.a(libc_a-memset.o)
                              C:/Users/user/Applications/STM32CubeIDE/plugins/com.st.stm32cube.ide.mcu.externaltools.gnu-tools-for-stm32.12.3.rel1.win32_1.0.100.202403111256/tools/bin/../lib/gcc/arm-none-eabi/12.3.1/../../../../arm-none-eabi/lib/thumb/v7e-m+fp/hard/crt0.o (memset)
C:/Users/user/Applications/STM32CubeIDE/plugins/com.st.stm32cube.ide.mcu.externaltools.gnu-tools-for-stm32.12.3.rel1.win32_1.0.100.202403111256/tools/bin/../lib/gcc/arm-none-eabi/12.3.1/../../../../arm-none-eabi/lib/thumb/v7e-m+fp/hard\libc_nano.a(libc_a-closer.o)
                              C:/Users/user/Applications/STM32CubeIDE/plugins/com.st.stm32cube.ide.mcu.externaltools.gnu-tools-for-stm32.12.3.rel1.win32_1.0.100.202403111256/tools/bin/../lib/gcc/arm-none-eabi/12.3.1/../../../../arm-none-eabi/lib/thumb/v7e-m+fp/hard\libc_nano.a(libc_a-stdio.o) (_close_r)
[...]
Memory Configuration

Name             Origin             Length             Attributes
RAM              0x20000000         0x00020000         xrw
FLASH            0x08000000         0x00080000         xr
*default*        0x00000000         0xffffffff

Linker script and memory map

LOAD C:/Users/user/Applications/STM32CubeIDE/plugins/com.st.stm32cube.ide.mcu.externaltools.gnu-tools-for-stm32.12.3.rel1.win32_1.0.100.202403111256/tools/bin/../lib/gcc/arm-none-eabi/12.3.1/thumb/v7e-m+fp/hard/crti.o
LOAD C:/Users/user/Applications/STM32CubeIDE/plugins/com.st.stm32cube.ide.mcu.externaltools.gnu-tools-for-stm32.12.3.rel1.win32_1.0.100.202403111256/tools/bin/../lib/gcc/arm-none-eabi/12.3.1/thumb/v7e-m+fp/hard/crtbegin.o
LOAD C:/Users/user/Applications/STM32CubeIDE/plugins/com.st.stm32cube.ide.mcu.externaltools.gnu-tools-for-stm32.12.3.rel1.win32_1.0.100.202403111256/tools/bin/../lib/gcc/arm-none-eabi/12.3.1/../../../../arm-none-eabi/lib/thumb/v7e-m+fp/hard/crt0.o
LOAD ./Core/Src/hardware.o
LOAD ./Core/Src/main.o
LOAD ./Core/Src/parser.o
LOAD ./Core/Src/stm32f4xx_hal_msp.o
LOAD ./Core/Src/stm32f4xx_it.o
LOAD ./Core/Src/syscalls.o
LOAD ./Core/Src/sysmem.o
LOAD ./Core/Src/system_stm32f4xx.o
LOAD ./Core/Startup/startup_stm32f411ceux.o
LOAD ./Drivers/STM32F4xx_HAL_Driver/Src/stm32f4xx_hal.o
LOAD ./Drivers/STM32F4xx_HAL_Driver/Src/stm32f4xx_hal_adc.o
LOAD ./Drivers/STM32F4xx_HAL_Driver/Src/stm32f4xx_hal_adc_ex.o
LOAD ./Drivers/STM32F4xx_HAL_Driver/Src/stm32f4xx_hal_cortex.o
LOAD ./Drivers/STM32F4xx_HAL_Driver/Src/stm32f4xx_hal_dma.o
LOAD ./Drivers/STM32F4xx_HAL_Driver/Src/stm32f4xx_hal_dma_ex.o
LOAD ./Drivers/STM32F4xx_HAL_Driver/Src/stm32f4xx_hal_exti.o
LOAD ./Drivers/STM32F4xx_HAL_Driver/Src/stm32f4xx_hal_flash.o
LOAD ./Drivers/STM32F4xx_HAL_Driver/Src/stm32f4xx_hal_flash_ex.o
LOAD ./Drivers/STM32F4xx_HAL_Driver/Src/stm32f4xx_hal_flash_ramfunc.o
LOAD ./Drivers/STM32F4xx_HAL_Driver/Src/stm32f4xx_hal_gpio.o
LOAD ./Drivers/STM32F4xx_HAL_Driver/Src/stm32f4xx_hal_pwr.o
LOAD ./Drivers/STM32F4xx_HAL_Driver/Src/stm32f4xx_hal_pwr_ex.o
LOAD ./Drivers/STM32F4xx_HAL_Driver/Src/stm32f4xx_hal_rcc.o
LOAD ./Drivers/STM32F4xx_HAL_Driver/Src/stm32f4xx_hal_rcc_ex.o
LOAD ./Drivers/STM32F4xx_HAL_Driver/Src/stm32f4xx_hal_tim.o
LOAD ./Drivers/STM32F4xx_HAL_Driver/Src/stm32f4xx_hal_tim_ex.o
LOAD ./Drivers/STM32F4xx_HAL_Driver/Src/stm32f4xx_hal_uart.o
LOAD ./Drivers/STM32F4xx_HAL_Driver/Src/stm32f4xx_ll_adc.o
START GROUP
LOAD C:/Users/user/Applications/STM32CubeIDE/plugins/com.st.stm32cube.ide.mcu.externaltools.gnu-tools-for-stm32.12.3.rel1.win32_1.0.100.202403111256/tools/bin/../lib/gcc/arm-none-eabi/12.3.1/../../../../arm-none-eabi/lib/thumb/v7e-m+fp/hard\libc_nano.a
LOAD C:/Users/user/Applications/STM32CubeIDE/plugins/com.st.stm32cube.ide.mcu.externaltools.gnu-tools-for-stm32.12.3.rel1.win32_1.0.100.202403111256/tools/bin/../lib/gcc/arm-none-eabi/12.3.1/../../../../arm-none-eabi/lib/thumb/v7e-m+fp/hard\libm.a
END GROUP
START GROUP
LOAD C:/Users/user/Applications/STM32CubeIDE/plugins/com.st.stm32cube.ide.mcu.externaltools.gnu-tools-for-stm32.12.3.rel1.win32_1.0.100.202403111256/tools/bin/../lib/gcc/arm-none-eabi/12.3.1/thumb/v7e-m+fp/hard\libgcc.a
LOAD C:/Users/user/Applications/STM32CubeIDE/plugins/com.st.stm32cube.ide.mcu.externaltools.gnu-tools-for-stm32.12.3.rel1.win32_1.0.100.202403111256/tools/bin/../lib/gcc/arm-none-eabi/12.3.1/../../../../arm-none-eabi/lib/thumb/v7e-m+fp/hard\libc_nano.a
END GROUP
START GROUP
LOAD C:/Users/user/Applications/STM32CubeIDE/plugins/com.st.stm32cube.ide.mcu.externaltools.gnu-tools-for-stm32.12.3.rel1.win32_1.0.100.202403111256/tools/bin/../lib/gcc/arm-none-eabi/12.3.1/thumb/v7e-m+fp/hard\libgcc.a
LOAD C:/Users/user/Applications/STM32CubeIDE/plugins/com.st.stm32cube.ide.mcu.externaltools.gnu-tools-for-stm32.12.3.rel1.win32_1.0.100.202403111256/tools/bin/../lib/gcc/arm-none-eabi/12.3.1/../../../../arm-none-eabi/lib/thumb/v7e-m+fp/hard\libc_nano.a
LOAD C:/Users/user/Applications/STM32CubeIDE/plugins/com.st.stm32cube.ide.mcu.externaltools.gnu-tools-for-stm32.12.3.rel1.win32_1.0.100.202403111256/tools/bin/../lib/gcc/arm-none-eabi/12.3.1/../../../../arm-none-eabi/lib/thumb/v7e-m+fp/hard\libnosys.a
END GROUP
START GROUP
LOAD C:/Users/user/Applications/STM32CubeIDE/plugins/com.st.stm32cube.ide.mcu.externaltools.gnu-tools-for-stm32.12.3.rel1.win32_1.0.100.202403111256/tools/bin/../lib/gcc/arm-none-eabi/12.3.1/thumb/v7e-m+fp/hard\libgcc.a
LOAD C:/Users/user/Applications/STM32CubeIDE/plugins/com.st.stm32cube.ide.mcu.externaltools.gnu-tools-for-stm32.12.3.rel1.win32_1.0.100.202403111256/tools/bin/../lib/gcc/arm-none-eabi/12.3.1/../../../../arm-none-eabi/lib/thumb/v7e-m+fp/hard\libc_nano.a
LOAD C:/Users/user/Applications/STM32CubeIDE/plugins/com.st.stm32cube.ide.mcu.externaltools.gnu-tools-for-stm32.12.3.rel1.win32_1.0.100.202403111256/tools/bin/../lib/gcc/arm-none-eabi/12.3.1/../../../../arm-none-eabi/lib/thumb/v7e-m+fp/hard\libnosys.a
END GROUP
LOAD C:/Users/user/Applications/STM32CubeIDE/plugins/com.st.stm32cube.ide.mcu.externaltools.gnu-tools-for-stm32.12.3.rel1.win32_1.0.100.202403111256/tools/bin/../lib/gcc/arm-none-eabi/12.3.1/thumb/v7e-m+fp/hard/crtend.o
LOAD C:/Users/user/Applications/STM32CubeIDE/plugins/com.st.stm32cube.ide.mcu.externaltools.gnu-tools-for-stm32.12.3.rel1.win32_1.0.100.202403111256/tools/bin/../lib/gcc/arm-none-eabi/12.3.1/thumb/v7e-m+fp/hard/crtn.o
                0x20020000                        _estack = (ORIGIN (RAM) + LENGTH (RAM))
                0x00000200                        _Min_Heap_Size = 0x200
                0x00000400                        _Min_Stack_Size = 0x400

.isr_vector     0x08000000      0x198
                0x08000000                        . = ALIGN (0x4)
 *(.isr_vector)
 .isr_vector    0x08000000      0x198 ./Core/Startup/startup_stm32f411ceux.o
                0x08000000                g_pfnVectors
                0x08000198                        . = ALIGN (0x4)

.text           0x08000198     0x4618
                0x08000198                        . = ALIGN (0x4)
 *(.text)
 .text          0x08000198       0x40 C:/Users/user/Applications/STM32CubeIDE/plugins/com.st.stm32cube.ide.mcu.externaltools.gnu-tools-for-stm32.12.3.rel1.win32_1.0.100.202403111256/tools/bin/../lib/gcc/arm-none-eabi/12.3.1/thumb/v7e-m+fp/hard/crtbegin.o
 .text          0x080001d8       0x30 C:/Users/user/Applications/STM32CubeIDE/plugins/com.st.stm32cube.ide.mcu.externaltools.gnu-tools-for-stm32.12.3.rel1.win32_1.0.100.202403111256/tools/bin/../lib/gcc/arm-none-eabi/12.3.1/thumb/v7e-m+fp/hard\libgcc.a(_aeabi_uldivmod.o)
                0x080001d8                __aeabi_uldivmod
 .text          0x08000208      0x2bc C:/Users/user/Applications/STM32CubeIDE/plugins/com.st.stm32cube.ide.mcu.externaltools.gnu-tools-for-stm32.12.3.rel1.win32_1.0.100.202403111256/tools/bin/../lib/gcc/arm-none-eabi/12.3.1/thumb/v7e-m+fp/hard\libgcc.a(_udivmoddi4.o)
                0x08000208                __udivmoddi4
 .text          0x080004c4        0x4 C:/Users/user/Applications/STM32CubeIDE/plugins/com.st.stm32cube.ide.mcu.externaltools.gnu-tools-for-stm32.12.3.rel1.win32_1.0.100.202403111256/tools/bin/../lib/gcc/arm-none-eabi/12.3.1/thumb/v7e-m+fp/hard\libgcc.a(_dvmd_tls.o)
                0x080004c4                __aeabi_idiv0
                0x080004c4                __aeabi_ldiv0
 *(.text*)
 .text.LL_ADC_IsActiveFlag_EOCS
                0x080004c8       0x26 ./Core/Src/hardware.o
 .text.LL_ADC_ClearFlag_EOCS
                0x080004ee       0x1c ./Core/Src/hardware.o
 *fill*         0x0800050a        0x2 
 .text.test_voltage
                0x0800050c      0x104 ./Core/Src/hardware.o
                0x0800050c                test_voltage
 .text.apply_relay
                0x08000610       0x20 ./Core/Src/hardware.o
                0x08000610                apply_relay
 .text.uart_tx_rx
                0x08000630       0x80 ./Core/Src/hardware.o
                0x08000630                uart_tx_rx
 .text.compare_arrays
                0x080006b0       0x46 ./Core/Src/hardware.o
                0x080006b0                compare_arrays
 *fill*         0x080006f6        0x2 
 .text.apply_voltage_relay_1
                0x080006f8       0x78 ./Core/Src/hardware.o
                0x080006f8                apply_voltage_relay_1
 .text.test_voltage_4_point
                0x08000770       0x6c ./Core/Src/hardware.o
                0x08000770                test_voltage_4_point
 .text.test_voltage_current
                0x080007dc      0x148 ./Core/Src/hardware.o
                0x080007dc                test_voltage_current
 .text.apply_voltage_relay_2
                0x08000924       0x78 ./Core/Src/hardware.o
                0x08000924                apply_voltage_relay_2
 .text.test_voltage_11_point
                0x0800099c       0xbc ./Core/Src/hardware.o
                0x0800099c                test_voltage_11_point
 .text.test_corrent_laser
                0x08000a58      0x11c ./Core/Src/hardware.o
                0x08000a58                test_corrent_laser
 .text.test_voltage_peltie
                0x08000b74      0x1bc ./Core/Src/hardware.o
                0x08000b74                test_voltage_peltie
 .text.apply_voltage_relay_5
                0x08000d30       0x74 ./Core/Src/hardware.o
                0x08000d30                apply_voltage_relay_5
 .text.massage_rs232
                0x08000da4       0x8c ./Core/Src/hardware.o
                0x08000da4                massage_rs232
 .text.massage_gps
                0x08000e30       0xb0 ./Core/Src/hardware.o
                0x08000e30                massage_gps
 .text.main     0x08000ee0       0xa4 ./Core/Src/main.o
                0x08000ee0                main
 .text.SystemClock_Config
                0x08000f84       0xd0 ./Core/Src/main.o
                0x08000f84                SystemClock_Config
 .text.MX_ADC1_Init
                0x08001054       0xa4 ./Core/Src/main.o
 .text.MX_USART1_UART_Init
                0x080010f8       0x54 ./Core/Src/main.o
 .text.MX_USART2_UART_Init
                0x0800114c       0x54 ./Core/Src/main.o
 .text.MX_USART6_UART_Init
                0x080011a0       0x54 ./Core/Src/main.o
 .text.MX_GPIO_Init
                0x080011f4       0xf0 ./Core/Src/main.o
 .text.HAL_UART_RxCpltCallback
                0x080012e4       0x2c ./Core/Src/main.o
                0x080012e4                HAL_UART_RxCpltCallback
 .text.Error_Handler
                0x08001310        0xc ./Core/Src/main.o
                0x08001310                Error_Handler
 .text.update_crc
                0x0800131c       0x38 ./Core/Src/parser.o
 .text.calculate_crc
                0x08001354       0x44 ./Core/Src/parser.o
 .text.serialize_reply
                0x08001398       0xdc ./Core/Src/parser.o
                0x08001398                serialize_reply
 .text.process_rx_byte
                0x08001474      0x19c ./Core/Src/parser.o
                0x08001474                process_rx_byte
 .text.choose_command
                0x08001610       0xac ./Core/Src/parser.o
                0x08001610                choose_command
 .text.transmission
                0x080016bc       0x96 ./Core/Src/parser.o
                0x080016bc                transmission
 *fill*         0x08001752        0x2 
 .text.HAL_MspInit
                0x08001754       0x50 ./Core/Src/stm32f4xx_hal_msp.o
                0x08001754                HAL_MspInit
 .text.HAL_ADC_MspInit
                0x080017a4       0x88 ./Core/Src/stm32f4xx_hal_msp.o
                0x080017a4                HAL_ADC_MspInit
 .text.HAL_UART_MspInit
                0x0800182c      0x184 ./Core/Src/stm32f4xx_hal_msp.o
                0x0800182c                HAL_UART_MspInit
 .text.NMI_Handler
                0x080019b0        0x8 ./Core/Src/stm32f4xx_it.o
                0x080019b0                NMI_Handler
 .text.HardFault_Handler
                0x080019b8        0x8 ./Core/Src/stm32f4xx_it.o
                0x080019b8                HardFault_Handler
 .text.MemManage_Handler
                0x080019c0        0x8 ./Core/Src/stm32f4xx_it.o
                0x080019c0                MemManage_Handler
 .text.BusFault_Handler
                0x080019c8        0x8 ./Core/Src/stm32f4xx_it.o
                0x080019c8                BusFault_Handler
 .text.UsageFault_Handler
                0x080019d0        0x8 ./Core/Src/stm32f4xx_it.o
                0x080019d0                UsageFault_Handler
 .text.SVC_Handler
                0x080019d8        0xe ./Core/Src/stm32f4xx_it.o
                0x080019d8                SVC_Handler
 .text.DebugMon_Handler
                0x080019e6        0xe ./Core/Src/stm32f4xx_it.o
                0x080019e6                DebugMon_Handler
 .text.PendSV_Handler
                0x080019f4        0xe ./Core/Src/stm32f4xx_it.o
                0x080019f4                PendSV_Handler
 .text.SysTick_Handler
                0x08001a02        0xc ./Core/Src/stm32f4xx_it.o
                0x08001a02                SysTick_Handler
 *fill*         0x08001a0e        0x2 
 .text.USART1_IRQHandler
                0x08001a10       0x14 ./Core/Src/stm32f4xx_it.o
                0x08001a10                USART1_IRQHandler
 .text.USART2_IRQHandler
                0x08001a24       0x14 ./Core/Src/stm32f4xx_it.o
                0x08001a24                USART2_IRQHandler
 .text._sbrk    0x08001a38       0x6c ./Core/Src/sysmem.o
                0x08001a38                _sbrk
 .text.SystemInit
                0x08001aa4       0x24 ./Core/Src/system_stm32f4xx.o
                0x08001aa4                SystemInit
 .text.Reset_Handler
                0x08001ac8       0x50 ./Core/Startup/startup_stm32f411ceux.o
                0x08001ac8                Reset_Handler
 .text.Default_Handler
                0x08001b18        0x2 ./Core/Startup/startup_stm32f411ceux.o
                0x08001b18                RTC_Alarm_IRQHandler
                0x08001b18                EXTI2_IRQHandler
                0x08001b18                SPI4_IRQHandler
                0x08001b18                TIM1_CC_IRQHandler
                0x08001b18                DMA2_Stream5_IRQHandler
                0x08001b18                DMA1_Stream5_IRQHandler
                0x08001b18                PVD_IRQHandler
                0x08001b18                SDIO_IRQHandler
                0x08001b18                TAMP_STAMP_IRQHandler
                0x08001b18                EXTI3_IRQHandler
                0x08001b18                TIM1_UP_TIM10_IRQHandler
                0x08001b18                I2C3_ER_IRQHandler
                0x08001b18                EXTI0_IRQHandler
                0x08001b18                I2C2_EV_IRQHandler
                0x08001b18                DMA1_Stream2_IRQHandler
                0x08001b18                FPU_IRQHandler
                0x08001b18                DMA2_Stream2_IRQHandler
                0x08001b18                SPI1_IRQHandler
                0x08001b18                TIM1_BRK_TIM9_IRQHandler
                0x08001b18                DMA2_Stream3_IRQHandler
                0x08001b18                USART6_IRQHandler
                0x08001b18                DMA2_Stream0_IRQHandler
                0x08001b18                TIM4_IRQHandler
                0x08001b18                I2C1_EV_IRQHandler
                0x08001b18                DMA1_Stream6_IRQHandler
                0x08001b18                DMA1_Stream1_IRQHandler
                0x08001b18                TIM3_IRQHandler
                0x08001b18                RCC_IRQHandler
                0x08001b18                Default_Handler
                0x08001b18                EXTI15_10_IRQHandler
                0x08001b18                ADC_IRQHandler
                0x08001b18                DMA1_Stream7_IRQHandler
                0x08001b18                SPI5_IRQHandler
                0x08001b18                TIM5_IRQHandler
                0x08001b18                DMA2_Stream7_IRQHandler
                0x08001b18                I2C3_EV_IRQHandler
                0x08001b18                EXTI9_5_IRQHandler
                0x08001b18                RTC_WKUP_IRQHandler
                0x08001b18                SPI2_IRQHandler
                0x08001b18                DMA1_Stream0_IRQHandler
                0x08001b18                EXTI4_IRQHandler
                0x08001b18                WWDG_IRQHandler
                0x08001b18                TIM2_IRQHandler
                0x08001b18                OTG_FS_WKUP_IRQHandler
                0x08001b18                TIM1_TRG_COM_TIM11_IRQHandler
                0x08001b18                EXTI1_IRQHandler
                0x08001b18                I2C2_ER_IRQHandler
                0x08001b18                DMA2_Stream1_IRQHandler
                0x08001b18                FLASH_IRQHandler
                0x08001b18                DMA2_Stream4_IRQHandler
                0x08001b18                OTG_FS_IRQHandler
                0x08001b18                SPI3_IRQHandler
                0x08001b18                DMA1_Stream4_IRQHandler
                0x08001b18                I2C1_ER_IRQHandler
                0x08001b18                DMA2_Stream6_IRQHandler
                0x08001b18                DMA1_Stream3_IRQHandler
 *fill*         0x08001b1a        0x2 
 .text.HAL_Init
                0x08001b1c       0x44 ./Drivers/STM32F4xx_HAL_Driver/Src/stm32f4xx_hal.o
                0x08001b1c                HAL_Init
 .text.HAL_InitTick
                0x08001b60       0x60 ./Drivers/STM32F4xx_HAL_Driver/Src/stm32f4xx_hal.o
                0x08001b60                HAL_InitTick
 .text.HAL_IncTick
                0x08001bc0       0x28 ./Drivers/STM32F4xx_HAL_Driver/Src/stm32f4xx_hal.o
                0x08001bc0                HAL_IncTick
 .text.HAL_GetTick
                0x08001be8       0x18 ./Drivers/STM32F4xx_HAL_Driver/Src/stm32f4xx_hal.o
                0x08001be8                HAL_GetTick
 .text.HAL_ADC_Init
                0x08001c00       0x86 ./Drivers/STM32F4xx_HAL_Driver/Src/stm32f4xx_hal_adc.o
                0x08001c00                HAL_ADC_Init
 *fill*         0x08001c86        0x2 
 .text.HAL_ADC_Start
                0x08001c88      0x168 ./Drivers/STM32F4xx_HAL_Driver/Src/stm32f4xx_hal_adc.o
                0x08001c88                HAL_ADC_Start
 .text.HAL_ADC_Stop
                0x08001df0       0x66 ./Drivers/STM32F4xx_HAL_Driver/Src/stm32f4xx_hal_adc.o
                0x08001df0                HAL_ADC_Stop
 .text.HAL_ADC_GetValue
                0x08001e56       0x1a ./Drivers/STM32F4xx_HAL_Driver/Src/stm32f4xx_hal_adc.o
                0x08001e56                HAL_ADC_GetValue
 .text.HAL_ADC_ConfigChannel
                0x08001e70      0x264 ./Drivers/STM32F4xx_HAL_Driver/Src/stm32f4xx_hal_adc.o
                0x08001e70                HAL_ADC_ConfigChannel
 .text.ADC_Init
                0x080020d4      0x1f8 ./Drivers/STM32F4xx_HAL_Driver/Src/stm32f4xx_hal_adc.o
 .text.__NVIC_SetPriorityGrouping
                0x080022cc       0x48 ./Drivers/STM32F4xx_HAL_Driver/Src/stm32f4xx_hal_cortex.o
 .text.__NVIC_GetPriorityGrouping
                0x08002314       0x1c ./Drivers/STM32F4xx_HAL_Driver/Src/stm32f4xx_hal_cortex.o
 .text.__NVIC_EnableIRQ
                0x08002330       0x3c ./Drivers/STM32F4xx_HAL_Driver/Src/stm32f4xx_hal_cortex.o
 .text.__NVIC_SetPriority
                0x0800236c       0x54 ./Drivers/STM32F4xx_HAL_Driver/Src/stm32f4xx_hal_cortex.o
 .text.NVIC_EncodePriority
                0x080023c0       0x66 ./Drivers/STM32F4xx_HAL_Driver/Src/stm32f4xx_hal_cortex.o
 *fill*         0x08002426        0x2 
 .text.SysTick_Config
                0x08002428       0x44 ./Drivers/STM32F4xx_HAL_Driver/Src/stm32f4xx_hal_cortex.o
 .text.HAL_NVIC_SetPriorityGrouping
                0x0800246c       0x16 ./Drivers/STM32F4xx_HAL_Driver/Src/stm32f4xx_hal_cortex.o
                0x0800246c                HAL_NVIC_SetPriorityGrouping
 .text.HAL_NVIC_SetPriority
                0x08002482       0x38 ./Drivers/STM32F4xx_HAL_Driver/Src/stm32f4xx_hal_cortex.o
                0x08002482                HAL_NVIC_SetPriority
 .text.HAL_NVIC_EnableIRQ
                0x080024ba       0x1c ./Drivers/STM32F4xx_HAL_Driver/Src/stm32f4xx_hal_cortex.o
                0x080024ba                HAL_NVIC_EnableIRQ
 .text.HAL_SYSTICK_Config
                0x080024d6       0x18 ./Drivers/STM32F4xx_HAL_Driver/Src/stm32f4xx_hal_cortex.o
                0x080024d6                HAL_SYSTICK_Config
 .text.HAL_DMA_Abort
                0x080024ee       0xe0 ./Drivers/STM32F4xx_HAL_Driver/Src/stm32f4xx_hal_dma.o
                0x080024ee                HAL_DMA_Abort
 .text.HAL_DMA_Abort_IT
                0x080025ce       0x44 ./Drivers/STM32F4xx_HAL_Driver/Src/stm32f4xx_hal_dma.o
                0x080025ce                HAL_DMA_Abort_IT
 .text.HAL_DMA_GetError
                0x08002612       0x18 ./Drivers/STM32F4xx_HAL_Driver/Src/stm32f4xx_hal_dma.o
                0x08002612                HAL_DMA_GetError
 *fill*         0x0800262a        0x2 
 .text.HAL_GPIO_Init
                0x0800262c      0x308 ./Drivers/STM32F4xx_HAL_Driver/Src/stm32f4xx_hal_gpio.o
                0x0800262c                HAL_GPIO_Init
 .text.HAL_GPIO_WritePin
                0x08002934       0x32 ./Drivers/STM32F4xx_HAL_Driver/Src/stm32f4xx_hal_gpio.o
                0x08002934                HAL_GPIO_WritePin
 *fill*         0x08002966        0x2 
 .text.HAL_RCC_OscConfig
                0x08002968      0x4f0 ./Drivers/STM32F4xx_HAL_Driver/Src/stm32f4xx_hal_rcc.o
                0x08002968                HAL_RCC_OscConfig
 .text.HAL_RCC_ClockConfig
                0x08002e58      0x1cc ./Drivers/STM32F4xx_HAL_Driver/Src/stm32f4xx_hal_rcc.o
                0x08002e58                HAL_RCC_ClockConfig
 .text.HAL_RCC_GetSysClockFreq
                0x08003024      0x18c ./Drivers/STM32F4xx_HAL_Driver/Src/stm32f4xx_hal_rcc.o
                0x08003024                HAL_RCC_GetSysClockFreq
 .text.HAL_RCC_GetHCLKFreq
                0x080031b0       0x18 ./Drivers/STM32F4xx_HAL_Driver/Src/stm32f4xx_hal_rcc.o
                0x080031b0                HAL_RCC_GetHCLKFreq
 .text.HAL_RCC_GetPCLK1Freq
                0x080031c8       0x28 ./Drivers/STM32F4xx_HAL_Driver/Src/stm32f4xx_hal_rcc.o
                0x080031c8                HAL_RCC_GetPCLK1Freq
 .text.HAL_RCC_GetPCLK2Freq
                0x080031f0       0x28 ./Drivers/STM32F4xx_HAL_Driver/Src/stm32f4xx_hal_rcc.o
                0x080031f0                HAL_RCC_GetPCLK2Freq
 .text.HAL_UART_Init
                0x08003218       0xa0 ./Drivers/STM32F4xx_HAL_Driver/Src/stm32f4xx_hal_uart.o
                0x08003218                HAL_UART_Init
 .text.HAL_UART_Transmit
                0x080032b8      0x116 ./Drivers/STM32F4xx_HAL_Driver/Src/stm32f4xx_hal_uart.o
                0x080032b8                HAL_UART_Transmit
 .text.HAL_UART_Receive
                0x080033ce      0x12e ./Drivers/STM32F4xx_HAL_Driver/Src/stm32f4xx_hal_uart.o
                0x080033ce                HAL_UART_Receive
 .text.HAL_UART_Transmit_IT
                0x080034fc       0x6c ./Drivers/STM32F4xx_HAL_Driver/Src/stm32f4xx_hal_uart.o
                0x080034fc                HAL_UART_Transmit_IT
 .text.HAL_UART_Receive_IT
                0x08003568       0x4a ./Drivers/STM32F4xx_HAL_Driver/Src/stm32f4xx_hal_uart.o
                0x08003568                HAL_UART_Receive_IT
 .text.HAL_UART_AbortReceive
                0x080035b2      0x146 ./Drivers/STM32F4xx_HAL_Driver/Src/stm32f4xx_hal_uart.o
                0x080035b2                HAL_UART_AbortReceive
 .text.HAL_UART_IRQHandler
                0x080036f8      0x524 ./Drivers/STM32F4xx_HAL_Driver/Src/stm32f4xx_hal_uart.o
                0x080036f8                HAL_UART_IRQHandler
 .text.HAL_UART_TxCpltCallback
                0x08003c1c       0x14 ./Drivers/STM32F4xx_HAL_Driver/Src/stm32f4xx_hal_uart.o
                0x08003c1c                HAL_UART_TxCpltCallback
 .text.HAL_UART_ErrorCallback
                0x08003c30       0x14 ./Drivers/STM32F4xx_HAL_Driver/Src/stm32f4xx_hal_uart.o
                0x08003c30                HAL_UART_ErrorCallback
 .text.HAL_UARTEx_RxEventCallback
                0x08003c44       0x18 ./Drivers/STM32F4xx_HAL_Driver/Src/stm32f4xx_hal_uart.o
                0x08003c44                HAL_UARTEx_RxEventCallback
 .text.UART_WaitOnFlagUntilTimeout
                0x08003c5c       0xb2 ./Drivers/STM32F4xx_HAL_Driver/Src/stm32f4xx_hal_uart.o
 .text.UART_Start_Receive_IT
                0x08003d0e       0x74 ./Drivers/STM32F4xx_HAL_Driver/Src/stm32f4xx_hal_uart.o
                0x08003d0e                UART_Start_Receive_IT
 .text.UART_EndRxTransfer
                0x08003d82       0xc6 ./Drivers/STM32F4xx_HAL_Driver/Src/stm32f4xx_hal_uart.o
 .text.UART_DMAAbortOnError
                0x08003e48       0x28 ./Drivers/STM32F4xx_HAL_Driver/Src/stm32f4xx_hal_uart.o
 .text.UART_Transmit_IT
                0x08003e70       0xa0 ./Drivers/STM32F4xx_HAL_Driver/Src/stm32f4xx_hal_uart.o
 .text.UART_EndTransmit_IT
                0x08003f10       0x30 ./Drivers/STM32F4xx_HAL_Driver/Src/stm32f4xx_hal_uart.o
 .text.UART_Receive_IT
                0x08003f40      0x17c ./Drivers/STM32F4xx_HAL_Driver/Src/stm32f4xx_hal_uart.o
 .text.UART_SetConfig
                0x080040bc      0x4e8 ./Drivers/STM32F4xx_HAL_Driver/Src/stm32f4xx_hal_uart.o
 .text.malloc   0x080045a4       0x10 C:/Users/user/Applications/STM32CubeIDE/plugins/com.st.stm32cube.ide.mcu.externaltools.gnu-tools-for-stm32.12.3.rel1.win32_1.0.100.202403111256/tools/bin/../lib/gcc/arm-none-eabi/12.3.1/../../../../arm-none-eabi/lib/thumb/v7e-m+fp/hard\libc_nano.a(libc_a-malloc.o)
                0x080045a4                malloc
 .text.sbrk_aligned
                0x080045b4       0x44 C:/Users/user/Applications/STM32CubeIDE/plugins/com.st.stm32cube.ide.mcu.externaltools.gnu-tools-for-stm32.12.3.rel1.win32_1.0.100.202403111256/tools/bin/../lib/gcc/arm-none-eabi/12.3.1/../../../../arm-none-eabi/lib/thumb/v7e-m+fp/hard\libc_nano.a(libc_a-mallocr.o)
 .text._malloc_r
                0x080045f8      0x100 C:/Users/user/Applications/STM32CubeIDE/plugins/com.st.stm32cube.ide.mcu.externaltools.gnu-tools-for-stm32.12.3.rel1.win32_1.0.100.202403111256/tools/bin/../lib/gcc/arm-none-eabi/12.3.1/../../../../arm-none-eabi/lib/thumb/v7e-m+fp/hard\libc_nano.a(libc_a-mallocr.o)
                0x080045f8                _malloc_r
 .text.__malloc_lock
                0x080046f8        0xc C:/Users/user/Applications/STM32CubeIDE/plugins/com.st.stm32cube.ide.mcu.externaltools.gnu-tools-for-stm32.12.3.rel1.win32_1.0.100.202403111256/tools/bin/../lib/gcc/arm-none-eabi/12.3.1/../../../../arm-none-eabi/lib/thumb/v7e-m+fp/hard\libc_nano.a(libc_a-mlock.o)
                0x080046f8                __malloc_lock
 .text.__malloc_unlock
                0x08004704        0xc C:/Users/user/Applications/STM32CubeIDE/plugins/com.st.stm32cube.ide.mcu.externaltools.gnu-tools-for-stm32.12.3.rel1.win32_1.0.100.202403111256/tools/bin/../lib/gcc/arm-none-eabi/12.3.1/../../../../arm-none-eabi/lib/thumb/v7e-m+fp/hard\libc_nano.a(libc_a-mlock.o)
                0x08004704                __malloc_unlock
 .text.memset   0x08004710       0x10 C:/Users/user/Applications/STM32CubeIDE/plugins/com.st.stm32cube.ide.mcu.externaltools.gnu-tools-for-stm32.12.3.rel1.win32_1.0.100.202403111256/tools/bin/../lib/gcc/arm-none-eabi/12.3.1/../../../../arm-none-eabi/lib/thumb/v7e-m+fp/hard\libc_nano.a(libc_a-memset.o)
                0x08004710                memset
 .text._sbrk_r  0x08004720       0x20 C:/Users/user/Applications/STM32CubeIDE/plugins/com.st.stm32cube.ide.mcu.externaltools.gnu-tools-for-stm32.12.3.rel1.win32_1.0.100.202403111256/tools/bin/../lib/gcc/arm-none-eabi/12.3.1/../../../../arm-none-eabi/lib/thumb/v7e-m+fp/hard\libc_nano.a(libc_a-sbrkr.o)
                0x08004720                _sbrk_r
 .text.__errno  0x08004740        0xc C:/Users/user/Applications/STM32CubeIDE/plugins/com.st.stm32cube.ide.mcu.externaltools.gnu-tools-for-stm32.12.3.rel1.win32_1.0.100.202403111256/tools/bin/../lib/gcc/arm-none-eabi/12.3.1/../../../../arm-none-eabi/lib/thumb/v7e-m+fp/hard\libc_nano.a(libc_a-errno.o)
                0x08004740                __errno
 .text.__libc_init_array
                0x0800474c       0x48 C:/Users/user/Applications/STM32CubeIDE/plugins/com.st.stm32cube.ide.mcu.externaltools.gnu-tools-for-stm32.12.3.rel1.win32_1.0.100.202403111256/tools/bin/../lib/gcc/arm-none-eabi/12.3.1/../../../../arm-none-eabi/lib/thumb/v7e-m+fp/hard\libc_nano.a(libc_a-init.o)
                0x0800474c                __libc_init_array
 .text.__retarget_lock_acquire_recursive
                0x08004794        0x2 C:/Users/user/Applications/STM32CubeIDE/plugins/com.st.stm32cube.ide.mcu.externaltools.gnu-tools-for-stm32.12.3.rel1.win32_1.0.100.202403111256/tools/bin/../lib/gcc/arm-none-eabi/12.3.1/../../../../arm-none-eabi/lib/thumb/v7e-m+fp/hard\libc_nano.a(libc_a-lock.o)
                0x08004794                __retarget_lock_acquire_recursive
 .text.__retarget_lock_release_recursive
                0x08004796        0x2 C:/Users/user/Applications/STM32CubeIDE/plugins/com.st.stm32cube.ide.mcu.externaltools.gnu-tools-for-stm32.12.3.rel1.win32_1.0.100.202403111256/tools/bin/../lib/gcc/arm-none-eabi/12.3.1/../../../../arm-none-eabi/lib/thumb/v7e-m+fp/hard\libc_nano.a(libc_a-lock.o)
                0x08004796                __retarget_lock_release_recursive
 *(.glue_7)
 .glue_7        0x08004798        0x0 linker stubs
 *(.glue_7t)
 .glue_7t       0x08004798        0x0 linker stubs
 *(.eh_frame)
 .eh_frame      0x08004798        0x0 C:/Users/user/Applications/STM32CubeIDE/plugins/com.st.stm32cube.ide.mcu.externaltools.gnu-tools-for-stm32.12.3.rel1.win32_1.0.100.202403111256/tools/bin/../lib/gcc/arm-none-eabi/12.3.1/thumb/v7e-m+fp/hard/crtbegin.o
 *(.init)
 .init          0x08004798        0x4 C:/Users/user/Applications/STM32CubeIDE/plugins/com.st.stm32cube.ide.mcu.externaltools.gnu-tools-for-stm32.12.3.rel1.win32_1.0.100.202403111256/tools/bin/../lib/gcc/arm-none-eabi/12.3.1/thumb/v7e-m+fp/hard/crti.o
                0x08004798                _init
 .init          0x0800479c        0x8 C:/Users/user/Applications/STM32CubeIDE/plugins/com.st.stm32cube.ide.mcu.externaltools.gnu-tools-for-stm32.12.3.rel1.win32_1.0.100.202403111256/tools/bin/../lib/gcc/arm-none-eabi/12.3.1/thumb/v7e-m+fp/hard/crtn.o
 *(.fini)
 .fini          0x080047a4        0x4 C:/Users/user/Applications/STM32CubeIDE/plugins/com.st.stm32cube.ide.mcu.externaltools.gnu-tools-for-stm32.12.3.rel1.win32_1.0.100.202403111256/tools/bin/../lib/gcc/arm-none-eabi/12.3.1/thumb/v7e-m+fp/hard/crti.o
                0x080047a4                _fini
 .fini          0x080047a8        0x8 C:/Users/user/Applications/STM32CubeIDE/plugins/com.st.stm32cube.ide.mcu.externaltools.gnu-tools-for-stm32.12.3.rel1.win32_1.0.100.202403111256/tools/bin/../lib/gcc/arm-none-eabi/12.3.1/thumb/v7e-m+fp/hard/crtn.o
                0x080047b0                        . = ALIGN (0x4)
                0x080047b0                        _etext = .

.vfp11_veneer   0x080047b0        0x0
 .vfp11_veneer  0x080047b0        0x0 linker stubs

.v4_bx          0x080047b0        0x0
 .v4_bx         0x080047b0        0x0 linker stubs

.iplt           0x080047b0        0x0
 .iplt          0x080047b0        0x0 C:/Users/user/Applications/STM32CubeIDE/plugins/com.st.stm32cube.ide.mcu.externaltools.gnu-tools-for-stm32.12.3.rel1.win32_1.0.100.202403111256/tools/bin/../lib/gcc/arm-none-eabi/12.3.1/thumb/v7e-m+fp/hard/crtbegin.o

.rodata         0x080047b0      0x254
                0x080047b0                        . = ALIGN (0x4)
 *(.rodata)
 .rodata        0x080047b0       0x39 ./Core/Src/hardware.o
 *(.rodata*)
 *fill*         0x080047e9        0x3 
 .rodata.crc16_table
                0x080047ec      0x200 ./Core/Src/parser.o
 .rodata.AHBPrescTable
                0x080049ec       0x10 ./Core/Src/system_stm32f4xx.o
                0x080049ec                AHBPrescTable
 .rodata.APBPrescTable
                0x080049fc        0x8 ./Core/Src/system_stm32f4xx.o
                0x080049fc                APBPrescTable
                0x08004a04                        . = ALIGN (0x4)

.ARM.extab      0x08004a04        0x0
                0x08004a04                        . = ALIGN (0x4)
 *(.ARM.extab* .gnu.linkonce.armextab.*)
                0x08004a04                        . = ALIGN (0x4)

.ARM            0x08004a04        0x8
                0x08004a04                        . = ALIGN (0x4)
                0x08004a04                        __exidx_start = .
 *(.ARM.exidx*)
 .ARM.exidx     0x08004a04        0x8 C:/Users/user/Applications/STM32CubeIDE/plugins/com.st.stm32cube.ide.mcu.externaltools.gnu-tools-for-stm32.12.3.rel1.win32_1.0.100.202403111256/tools/bin/../lib/gcc/arm-none-eabi/12.3.1/thumb/v7e-m+fp/hard\libgcc.a(_udivmoddi4.o)
                0x08004a0c                        __exidx_end = .
                0x08004a0c                        . = ALIGN (0x4)

.preinit_array  0x08004a0c        0x0
                0x08004a0c                        . = ALIGN (0x4)
                0x08004a0c                        PROVIDE (__preinit_array_start = .)
 *(.preinit_array*)
                0x08004a0c                        PROVIDE (__preinit_array_end = .)
                0x08004a0c                        . = ALIGN (0x4)

.init_array     0x08004a0c        0x4
                0x08004a0c                        . = ALIGN (0x4)
                0x08004a0c                        PROVIDE (__init_array_start = .)
 *(SORT_BY_NAME(.init_array.*))
 *(.init_array*)
 .init_array    0x08004a0c        0x4 C:/Users/user/Applications/STM32CubeIDE/plugins/com.st.stm32cube.ide.mcu.externaltools.gnu-tools-for-stm32.12.3.rel1.win32_1.0.100.202403111256/tools/bin/../lib/gcc/arm-none-eabi/12.3.1/thumb/v7e-m+fp/hard/crtbegin.o
                0x08004a10                        PROVIDE (__init_array_end = .)
                0x08004a10                        . = ALIGN (0x4)

.fini_array     0x08004a10        0x4
                0x08004a10                        . = ALIGN (0x4)
                [!provide]                        PROVIDE (__fini_array_start = .)
 *(SORT_BY_NAME(.fini_array.*))
 *(.fini_array*)
 .fini_array    0x08004a10        0x4 C:/Users/user/Applications/STM32CubeIDE/plugins/com.st.stm32cube.ide.mcu.externaltools.gnu-tools-for-stm32.12.3.rel1.win32_1.0.100.202403111256/tools/bin/../lib/gcc/arm-none-eabi/12.3.1/thumb/v7e-m+fp/hard/crtbegin.o
                [!provide]                        PROVIDE (__fini_array_end = .)
                0x08004a14                        . = ALIGN (0x4)
                0x08004a14                        _sidata = LOADADDR (.data)

.rel.dyn        0x08004a14        0x0
 .rel.iplt      0x08004a14        0x0 C:/Users/user/Applications/STM32CubeIDE/plugins/com.st.stm32cube.ide.mcu.externaltools.gnu-tools-for-stm32.12.3.rel1.win32_1.0.100.202403111256/tools/bin/../lib/gcc/arm-none-eabi/12.3.1/thumb/v7e-m+fp/hard/crtbegin.o

.data           0x20000000       0x5c load address 0x08004a14
                0x20000000                        . = ALIGN (0x4)
                0x20000000                        _sdata = .
 *(.data)
 *(.data*)
 .data.SystemCoreClock
                0x20000000        0x4 ./Core/Src/system_stm32f4xx.o
                0x20000000                SystemCoreClock
 .data.uwTickPrio
                0x20000004        0x4 ./Drivers/STM32F4xx_HAL_Driver/Src/stm32f4xx_hal.o
                0x20000004                uwTickPrio
 .data.uwTickFreq
                0x20000008        0x1 ./Drivers/STM32F4xx_HAL_Driver/Src/stm32f4xx_hal.o
                0x20000008                uwTickFreq
 *fill*         0x20000009        0x3 
 .data._impure_ptr
                0x2000000c        0x4 C:/Users/user/Applications/STM32CubeIDE/plugins/com.st.stm32cube.ide.mcu.externaltools.gnu-tools-for-stm32.12.3.rel1.win32_1.0.100.202403111256/tools/bin/../lib/gcc/arm-none-eabi/12.3.1/../../../../arm-none-eabi/lib/thumb/v7e-m+fp/hard\libc_nano.a(libc_a-impure.o)
                0x2000000c                _impure_ptr
 .data._impure_data
                0x20000010       0x4c C:/Users/user/Applications/STM32CubeIDE/plugins/com.st.stm32cube.ide.mcu.externaltools.gnu-tools-for-stm32.12.3.rel1.win32_1.0.100.202403111256/tools/bin/../lib/gcc/arm-none-eabi/12.3.1/../../../../arm-none-eabi/lib/thumb/v7e-m+fp/hard\libc_nano.a(libc_a-impure.o)
                0x20000010                _impure_data
 *(.RamFunc)
 *(.RamFunc*)
                0x2000005c                        . = ALIGN (0x4)
                0x2000005c                        _edata = .

.igot.plt       0x2000005c        0x0 load address 0x08004a70
 .igot.plt      0x2000005c        0x0 C:/Users/user/Applications/STM32CubeIDE/plugins/com.st.stm32cube.ide.mcu.externaltools.gnu-tools-for-stm32.12.3.rel1.win32_1.0.100.202403111256/tools/bin/../lib/gcc/arm-none-eabi/12.3.1/thumb/v7e-m+fp/hard/crtbegin.o
                0x2000005c                        . = ALIGN (0x4)

.bss            0x2000005c      0x38c load address 0x08004a70
                0x2000005c                        _sbss = .
                0x2000005c                        __bss_start__ = _sbss
 *(.bss)
 .bss           0x2000005c       0x1c C:/Users/user/Applications/STM32CubeIDE/plugins/com.st.stm32cube.ide.mcu.externaltools.gnu-tools-for-stm32.12.3.rel1.win32_1.0.100.202403111256/tools/bin/../lib/gcc/arm-none-eabi/12.3.1/thumb/v7e-m+fp/hard/crtbegin.o
 *(.bss*)
 .bss.vol_raw   0x20000078        0x2 ./Core/Src/hardware.o
                0x20000078                vol_raw
 *fill*         0x2000007a        0x2 
 .bss.channel   0x2000007c        0x4 ./Core/Src/hardware.o
                0x2000007c                channel
 .bss.vol_average
                0x20000080        0x4 ./Core/Src/hardware.o
                0x20000080                vol_average
 .bss.tok       0x20000084        0x4 ./Core/Src/hardware.o
                0x20000084                tok
 .bss.rx_byte   0x20000088        0x1 ./Core/Src/main.o
                0x20000088                rx_byte
 .bss.status    0x20000089        0x1 ./Core/Src/main.o
                0x20000089                status
 *fill*         0x2000008a        0x2 
 .bss.hadc1     0x2000008c       0x48 ./Core/Src/main.o
                0x2000008c                hadc1
 .bss.huart1    0x200000d4       0x48 ./Core/Src/main.o
                0x200000d4                huart1
 .bss.huart2    0x2000011c       0x48 ./Core/Src/main.o
                0x2000011c                huart2
 .bss.huart6    0x20000164       0x48 ./Core/Src/main.o
                0x20000164                huart6
 .bss.parser    0x200001ac       0xd8 ./Core/Src/parser.o
                0x200001ac                parser
 .bss.data      0x20000284       0x10 ./Core/Src/parser.o
                0x20000284                data
 .bss.PAYLOAD_SIZE.0
                0x20000294        0x2 ./Core/Src/parser.o
 *fill*         0x20000296        0x2 
 .bss.__sbrk_heap_end
                0x20000298        0x4 ./Core/Src/sysmem.o
 .bss.uwTick    0x2000029c        0x4 ./Drivers/STM32F4xx_HAL_Driver/Src/stm32f4xx_hal.o
                0x2000029c                uwTick
 .bss.__malloc_sbrk_start
                0x200002a0        0x4 C:/Users/user/Applications/STM32CubeIDE/plugins/com.st.stm32cube.ide.mcu.externaltools.gnu-tools-for-stm32.12.3.rel1.win32_1.0.100.202403111256/tools/bin/../lib/gcc/arm-none-eabi/12.3.1/../../../../arm-none-eabi/lib/thumb/v7e-m+fp/hard\libc_nano.a(libc_a-mallocr.o)
                0x200002a0                __malloc_sbrk_start
 .bss.__malloc_free_list
                0x200002a4        0x4 C:/Users/user/Applications/STM32CubeIDE/plugins/com.st.stm32cube.ide.mcu.externaltools.gnu-tools-for-stm32.12.3.rel1.win32_1.0.100.202403111256/tools/bin/../lib/gcc/arm-none-eabi/12.3.1/../../../../arm-none-eabi/lib/thumb/v7e-m+fp/hard\libc_nano.a(libc_a-mallocr.o)
                0x200002a4                __malloc_free_list
 .bss.__sf      0x200002a8      0x138 C:/Users/user/Applications/STM32CubeIDE/plugins/com.st.stm32cube.ide.mcu.externaltools.gnu-tools-for-stm32.12.3.rel1.win32_1.0.100.202403111256/tools/bin/../lib/gcc/arm-none-eabi/12.3.1/../../../../arm-none-eabi/lib/thumb/v7e-m+fp/hard\libc_nano.a(libc_a-findfp.o)
                0x200002a8                __sf
 .bss.errno     0x200003e0        0x4 C:/Users/user/Applications/STM32CubeIDE/plugins/com.st.stm32cube.ide.mcu.externaltools.gnu-tools-for-stm32.12.3.rel1.win32_1.0.100.202403111256/tools/bin/../lib/gcc/arm-none-eabi/12.3.1/../../../../arm-none-eabi/lib/thumb/v7e-m+fp/hard\libc_nano.a(libc_a-reent.o)
                0x200003e0                errno
 .bss.__lock___malloc_recursive_mutex
                0x200003e4        0x1 C:/Users/user/Applications/STM32CubeIDE/plugins/com.st.stm32cube.ide.mcu.externaltools.gnu-tools-for-stm32.12.3.rel1.win32_1.0.100.202403111256/tools/bin/../lib/gcc/arm-none-eabi/12.3.1/../../../../arm-none-eabi/lib/thumb/v7e-m+fp/hard\libc_nano.a(libc_a-lock.o)
                0x200003e4                __lock___malloc_recursive_mutex
 *(COMMON)
                0x200003e8                        . = ALIGN (0x4)
 *fill*         0x200003e5        0x3 
                0x200003e8                        _ebss = .
                0x200003e8                        __bss_end__ = _ebss

._user_heap_stack
                0x200003e8      0x600 load address 0x08004a70
                0x200003e8                        . = ALIGN (0x8)
                [!provide]                        PROVIDE (end = .)
                0x200003e8                        PROVIDE (_end = .)
                0x200005e8                        . = (. + _Min_Heap_Size)
 *fill*         0x200003e8      0x200 
                0x200009e8                        . = (. + _Min_Stack_Size)
 *fill*         0x200005e8      0x400 
                0x200009e8                        . = ALIGN (0x8)

/DISCARD/
 libc.a(*)
 libm.a(*)
 libgcc.a(*)

.ARM.attributes
                0x00000000       0x30
 *(.ARM.attributes)
 .ARM.attributes
                0x00000000       0x22 C:/Users/user/Applications/STM32CubeIDE/plugins/com.st.stm32cube.ide.mcu.externaltools.gnu-tools-for-stm32.12.3.rel1.win32_1.0.100.202403111256/tools/bin/../lib/gcc/arm-none-eabi/12.3.1/thumb/v7e-m+fp/hard/crti.o
 .ARM.attributes
                0x00000022       0x34 C:/Users/user/Applications/STM32CubeIDE/plugins/com.st.stm32cube.ide.mcu.externaltools.gnu-tools-for-stm32.12.3.rel1.win32_1.0.100.202403111256/tools/bin/../lib/gcc/arm-none-eabi/12.3.1/thumb/v7e-m+fp/hard/crtbegin.o
 .ARM.attributes
                0x00000056       0x34 ./Core/Src/hardware.o
 .ARM.attributes
                0x0000008a       0x34 ./Core/Src/main.o
 .ARM.attributes
                0x000000be       0x34 ./Core/Src/parser.o
 .ARM.attributes
                0x000000f2       0x34 ./Core/Src/stm32f4xx_hal_msp.o
 .ARM.attributes
                0x00000126       0x34 ./Core/Src/stm32f4xx_it.o
 .ARM.attributes
                0x0000015a       0x34 ./Core/Src/sysmem.o
 .ARM.attributes
                0x0000018e       0x34 ./Core/Src/system_stm32f4xx.o
 .ARM.attributes
                0x000001c2       0x21 ./Core/Startup/startup_stm32f411ceux.o
 .ARM.attributes
                0x000001e3       0x34 ./Drivers/STM32F4xx_HAL_Driver/Src/stm32f4xx_hal.o
 .ARM.attributes
                0x00000217       0x34 ./Drivers/STM32F4xx_HAL_Driver/Src/stm32f4xx_hal_adc.o
 .ARM.attributes
                0x0000024b       0x34 ./Drivers/STM32F4xx_HAL_Driver/Src/stm32f4xx_hal_cortex.o
 .ARM.attributes
                0x0000027f       0x34 ./Drivers/STM32F4xx_HAL_Driver/Src/stm32f4xx_hal_dma.o
 .ARM.attributes
                0x000002b3       0x34 ./Drivers/STM32F4xx_HAL_Driver/Src/stm32f4xx_hal_gpio.o
 .ARM.attributes
                0x000002e7       0x34 ./Drivers/STM32F4xx_HAL_Driver/Src/stm32f4xx_hal_rcc.o
 .ARM.attributes
                0x0000031b       0x34 ./Drivers/STM32F4xx_HAL_Driver/Src/stm32f4xx_hal_uart.o
 .ARM.attributes
                0x0000034f       0x34 C:/Users/user/Applications/STM32CubeIDE/plugins/com.st.stm32cube.ide.mcu.externaltools.gnu-tools-for-stm32.12.3.rel1.win32_1.0.100.202403111256/tools/bin/../lib/gcc/arm-none-eabi/12.3.1/../../../../arm-none-eabi/lib/thumb/v7e-m+fp/hard\libc_nano.a(libc_a-malloc.o)
 .ARM.attributes
                0x00000383       0x34 C:/Users/user/Applications/STM32CubeIDE/plugins/com.st.stm32cube.ide.mcu.externaltools.gnu-tools-for-stm32.12.3.rel1.win32_1.0.100.202403111256/tools/bin/../lib/gcc/arm-none-eabi/12.3.1/../../../../arm-none-eabi/lib/thumb/v7e-m+fp/hard\libc_nano.a(libc_a-mallocr.o)
 .ARM.attributes
                0x000003b7       0x34 C:/Users/user/Applications/STM32CubeIDE/plugins/com.st.stm32cube.ide.mcu.externaltools.gnu-tools-for-stm32.12.3.rel1.win32_1.0.100.202403111256/tools/bin/../lib/gcc/arm-none-eabi/12.3.1/../../../../arm-none-eabi/lib/thumb/v7e-m+fp/hard\libc_nano.a(libc_a-mlock.o)
 .ARM.attributes
                0x000003eb       0x34 C:/Users/user/Applications/STM32CubeIDE/plugins/com.st.stm32cube.ide.mcu.externaltools.gnu-tools-for-stm32.12.3.rel1.win32_1.0.100.202403111256/tools/bin/../lib/gcc/arm-none-eabi/12.3.1/../../../../arm-none-eabi/lib/thumb/v7e-m+fp/hard\libc_nano.a(libc_a-findfp.o)
 .ARM.attributes
                0x0000041f       0x34 C:/Users/user/Applications/STM32CubeIDE/plugins/com.st.stm32cube.ide.mcu.externaltools.gnu-tools-for-stm32.12.3.rel1.win32_1.0.100.202403111256/tools/bin/../lib/gcc/arm-none-eabi/12.3.1/../../../../arm-none-eabi/lib/thumb/v7e-m+fp/hard\libc_nano.a(libc_a-memset.o)
 .ARM.attributes
                0x00000453       0x34 C:/Users/user/Applications/STM32CubeIDE/plugins/com.st.stm32cube.ide.mcu.externaltools.gnu-tools-for-stm32.12.3.rel1.win32_1.0.100.202403111256/tools/bin/../lib/gcc/arm-none-eabi/12.3.1/../../../../arm-none-eabi/lib/thumb/v7e-m+fp/hard\libc_nano.a(libc_a-reent.o)
 .ARM.attributes
                0x00000487       0x34 C:/Users/user/Applications/STM32CubeIDE/plugins/com.st.stm32cube.ide.mcu.externaltools.gnu-tools-for-stm32.12.3.rel1.win32_1.0.100.202403111256/tools/bin/../lib/gcc/arm-none-eabi/12.3.1/../../../../arm-none-eabi/lib/thumb/v7e-m+fp/hard\libc_nano.a(libc_a-impure.o)
 .ARM.attributes
                0x000004bb       0x34 C:/Users/user/Applications/STM32CubeIDE/plugins/com.st.stm32cube.ide.mcu.externaltools.gnu-tools-for-stm32.12.3.rel1.win32_1.0.100.202403111256/tools/bin/../lib/gcc/arm-none-eabi/12.3.1/../../../../arm-none-eabi/lib/thumb/v7e-m+fp/hard\libc_nano.a(libc_a-sbrkr.o)
 .ARM.attributes
                0x000004ef       0x34 C:/Users/user/Applications/STM32CubeIDE/plugins/com.st.stm32cube.ide.mcu.externaltools.gnu-tools-for-stm32.12.3.rel1.win32_1.0.100.202403111256/tools/bin/../lib/gcc/arm-none-eabi/12.3.1/../../../../arm-none-eabi/lib/thumb/v7e-m+fp/hard\libc_nano.a(libc_a-errno.o)
 .ARM.attributes
                0x00000523       0x34 C:/Users/user/Applications/STM32CubeIDE/plugins/com.st.stm32cube.ide.mcu.externaltools.gnu-tools-for-stm32.12.3.rel1.win32_1.0.100.202403111256/tools/bin/../lib/gcc/arm-none-eabi/12.3.1/../../../../arm-none-eabi/lib/thumb/v7e-m+fp/hard\libc_nano.a(libc_a-init.o)
 .ARM.attributes
                0x00000557       0x34 C:/Users/user/Applications/STM32CubeIDE/plugins/com.st.stm32cube.ide.mcu.externaltools.gnu-tools-for-stm32.12.3.rel1.win32_1.0.100.202403111256/tools/bin/../lib/gcc/arm-none-eabi/12.3.1/../../../../arm-none-eabi/lib/thumb/v7e-m+fp/hard\libc_nano.a(libc_a-lock.o)
 .ARM.attributes
                0x0000058b       0x22 C:/Users/user/Applications/STM32CubeIDE/plugins/com.st.stm32cube.ide.mcu.externaltools.gnu-tools-for-stm32.12.3.rel1.win32_1.0.100.202403111256/tools/bin/../lib/gcc/arm-none-eabi/12.3.1/thumb/v7e-m+fp/hard\libgcc.a(_aeabi_uldivmod.o)
 .ARM.attributes
                0x000005ad       0x34 C:/Users/user/Applications/STM32CubeIDE/plugins/com.st.stm32cube.ide.mcu.externaltools.gnu-tools-for-stm32.12.3.rel1.win32_1.0.100.202403111256/tools/bin/../lib/gcc/arm-none-eabi/12.3.1/thumb/v7e-m+fp/hard\libgcc.a(_udivmoddi4.o)
 .ARM.attributes
                0x000005e1       0x22 C:/Users/user/Applications/STM32CubeIDE/plugins/com.st.stm32cube.ide.mcu.externaltools.gnu-tools-for-stm32.12.3.rel1.win32_1.0.100.202403111256/tools/bin/../lib/gcc/arm-none-eabi/12.3.1/thumb/v7e-m+fp/hard\libgcc.a(_dvmd_tls.o)
 .ARM.attributes
                0x00000603       0x22 C:/Users/user/Applications/STM32CubeIDE/plugins/com.st.stm32cube.ide.mcu.externaltools.gnu-tools-for-stm32.12.3.rel1.win32_1.0.100.202403111256/tools/bin/../lib/gcc/arm-none-eabi/12.3.1/thumb/v7e-m+fp/hard/crtn.o
OUTPUT(StandF411.elf elf32-littlearm)
LOAD linker stubs
LOAD C:/Users/user/Applications/STM32CubeIDE/plugins/com.st.stm32cube.ide.mcu.externaltools.gnu-tools-for-stm32.12.3.rel1.win32_1.0.100.202403111256/tools/bin/../lib/gcc/arm-none-eabi/12.3.1/../../../../arm-none-eabi/lib/thumb/v7e-m+fp/hard\libc.a
LOAD C:/Users/user/Applications/STM32CubeIDE/plugins/com.st.stm32cube.ide.mcu.externaltools.gnu-tools-for-stm32.12.3.rel1.win32_1.0.100.202403111256/tools/bin/../lib/gcc/arm-none-eabi/12.3.1/../../../../arm-none-eabi/lib/thumb/v7e-m+fp/hard\libm.a
LOAD C:/Users/user/Applications/STM32CubeIDE/plugins/com.st.stm32cube.ide.mcu.externaltools.gnu-tools-for-stm32.12.3.rel1.win32_1.0.100.202403111256/tools/bin/../lib/gcc/arm-none-eabi/12.3.1/thumb/v7e-m+fp/hard\libgcc.a

.debug_info     0x00000000     0xacb7
 .debug_info    0x00000000      0xf58 ./Core/Src/hardware.o
 .debug_info    0x00000f58     0x120e ./Core/Src/main.o
 .debug_info    0x00002166      0x548 ./Core/Src/parser.o
 .debug_info    0x000026ae      0xe58 ./Core/Src/stm32f4xx_hal_msp.o
 .debug_info    0x00003506      0x658 ./Core/Src/stm32f4xx_it.o
 .debug_info    0x00003b5e      0x168 ./Core/Src/sysmem.o
 .debug_info    0x00003cc6      0x53e ./Core/Src/system_stm32f4xx.o
 .debug_info    0x00004204       0x30 ./Core/Startup/startup_stm32f411ceux.o
 .debug_info    0x00004234      0x8c4 ./Drivers/STM32F4xx_HAL_Driver/Src/stm32f4xx_hal.o
 .debug_info    0x00004af8      0xcd1 ./Drivers/STM32F4xx_HAL_Driver/Src/stm32f4xx_hal_adc.o
 .debug_info    0x000057c9      0xcc7 ./Drivers/STM32F4xx_HAL_Driver/Src/stm32f4xx_hal_cortex.o
 .debug_info    0x00006490      0x8e6 ./Drivers/STM32F4xx_HAL_Driver/Src/stm32f4xx_hal_dma.o
 .debug_info    0x00006d76      0x6f9 ./Drivers/STM32F4xx_HAL_Driver/Src/stm32f4xx_hal_gpio.o
 .debug_info    0x0000746f      0x8f2 ./Drivers/STM32F4xx_HAL_Driver/Src/stm32f4xx_hal_rcc.o
 .debug_info    0x00007d61     0x2f56 ./Drivers/STM32F4xx_HAL_Driver/Src/stm32f4xx_hal_uart.o

.debug_abbrev   0x00000000     0x1e0c
 .debug_abbrev  0x00000000      0x2bf ./Core/Src/hardware.o
 .debug_abbrev  0x000002bf      0x2dc ./Core/Src/main.o
 .debug_abbrev  0x0000059b      0x1e3 ./Core/Src/parser.o
 .debug_abbrev  0x0000077e      0x1cb ./Core/Src/stm32f4xx_hal_msp.o
 .debug_abbrev  0x00000949      0x184 ./Core/Src/stm32f4xx_it.o
 .debug_abbrev  0x00000acd       0xbc ./Core/Src/sysmem.o
 .debug_abbrev  0x00000b89      0x11a ./Core/Src/system_stm32f4xx.o
 .debug_abbrev  0x00000ca3       0x24 ./Core/Startup/startup_stm32f411ceux.o
 .debug_abbrev  0x00000cc7      0x24b ./Drivers/STM32F4xx_HAL_Driver/Src/stm32f4xx_hal.o
 .debug_abbrev  0x00000f12      0x20e ./Drivers/STM32F4xx_HAL_Driver/Src/stm32f4xx_hal_adc.o
 .debug_abbrev  0x00001120      0x328 ./Drivers/STM32F4xx_HAL_Driver/Src/stm32f4xx_hal_cortex.o
 .debug_abbrev  0x00001448      0x221 ./Drivers/STM32F4xx_HAL_Driver/Src/stm32f4xx_hal_dma.o
 .debug_abbrev  0x00001669      0x1d3 ./Drivers/STM32F4xx_HAL_Driver/Src/stm32f4xx_hal_gpio.o
 .debug_abbrev  0x0000183c      0x2b5 ./Drivers/STM32F4xx_HAL_Driver/Src/stm32f4xx_hal_rcc.o
 .debug_abbrev  0x00001af1      0x31b ./Drivers/STM32F4xx_HAL_Driver/Src/stm32f4xx_hal_uart.o

.debug_aranges  0x00000000      0x8d0
 .debug_aranges
                0x00000000       0x98 ./Core/Src/hardware.o
 .debug_aranges
                0x00000098       0x60 ./Core/Src/main.o
 .debug_aranges
                0x000000f8       0x48 ./Core/Src/parser.o
 .debug_aranges
                0x00000140       0x40 ./Core/Src/stm32f4xx_hal_msp.o
 .debug_aranges
                0x00000180       0x70 ./Core/Src/stm32f4xx_it.o
 .debug_aranges
                0x000001f0       0x20 ./Core/Src/sysmem.o
 .debug_aranges
                0x00000210       0x28 ./Core/Src/system_stm32f4xx.o
 .debug_aranges
                0x00000238       0x28 ./Core/Startup/startup_stm32f411ceux.o
 .debug_aranges
                0x00000260       0xf0 ./Drivers/STM32F4xx_HAL_Driver/Src/stm32f4xx_hal.o
 .debug_aranges
                0x00000350       0xe8 ./Drivers/STM32F4xx_HAL_Driver/Src/stm32f4xx_hal_adc.o
 .debug_aranges
                0x00000438      0x120 ./Drivers/STM32F4xx_HAL_Driver/Src/stm32f4xx_hal_cortex.o
 .debug_aranges
                0x00000558       0x90 ./Drivers/STM32F4xx_HAL_Driver/Src/stm32f4xx_hal_dma.o
 .debug_aranges
                0x000005e8       0x58 ./Drivers/STM32F4xx_HAL_Driver/Src/stm32f4xx_hal_gpio.o
 .debug_aranges
                0x00000640       0x88 ./Drivers/STM32F4xx_HAL_Driver/Src/stm32f4xx_hal_rcc.o
 .debug_aranges
                0x000006c8      0x208 ./Drivers/STM32F4xx_HAL_Driver/Src/stm32f4xx_hal_uart.o

.debug_rnglists
                0x00000000      0x6bd
 .debug_rnglists
                0x00000000       0x75 ./Core/Src/hardware.o
 .debug_rnglists
                0x00000075       0x47 ./Core/Src/main.o
 .debug_rnglists
                0x000000bc       0x35 ./Core/Src/parser.o
 .debug_rnglists
                0x000000f1       0x2e ./Core/Src/stm32f4xx_hal_msp.o
 .debug_rnglists
                0x0000011f       0x4f ./Core/Src/stm32f4xx_it.o
 .debug_rnglists
                0x0000016e       0x13 ./Core/Src/sysmem.o
 .debug_rnglists
                0x00000181       0x1a ./Core/Src/system_stm32f4xx.o
 .debug_rnglists
                0x0000019b       0x19 ./Core/Startup/startup_stm32f411ceux.o
 .debug_rnglists
                0x000001b4       0xaf ./Drivers/STM32F4xx_HAL_Driver/Src/stm32f4xx_hal.o
 .debug_rnglists
                0x00000263       0xb5 ./Drivers/STM32F4xx_HAL_Driver/Src/stm32f4xx_hal_adc.o
 .debug_rnglists
                0x00000318       0xd4 ./Drivers/STM32F4xx_HAL_Driver/Src/stm32f4xx_hal_cortex.o
 .debug_rnglists
                0x000003ec       0x70 ./Drivers/STM32F4xx_HAL_Driver/Src/stm32f4xx_hal_dma.o
 .debug_rnglists
                0x0000045c       0x3f ./Drivers/STM32F4xx_HAL_Driver/Src/stm32f4xx_hal_gpio.o
 .debug_rnglists
                0x0000049b       0x66 ./Drivers/STM32F4xx_HAL_Driver/Src/stm32f4xx_hal_rcc.o
 .debug_rnglists
                0x00000501      0x1bc ./Drivers/STM32F4xx_HAL_Driver/Src/stm32f4xx_hal_uart.o

.debug_macro    0x00000000    0x176fd
 .debug_macro   0x00000000      0x2ee ./Core/Src/hardware.o
 .debug_macro   0x000002ee      0xab4 ./Core/Src/hardware.o
 .debug_macro   0x00000da2      0x189 ./Core/Src/hardware.o
 .debug_macro   0x00000f2b       0x22 ./Core/Src/hardware.o
 .debug_macro   0x00000f4d       0x8e ./Core/Src/hardware.o
 .debug_macro   0x00000fdb       0x51 ./Core/Src/hardware.o
 .debug_macro   0x0000102c      0x103 ./Core/Src/hardware.o
 .debug_macro   0x0000112f       0x6a ./Core/Src/hardware.o
 .debug_macro   0x00001199      0x1df ./Core/Src/hardware.o
 .debug_macro   0x00001378      0x29b ./Core/Src/hardware.o
 .debug_macro   0x00001613       0x2e ./Core/Src/hardware.o
 .debug_macro   0x00001641       0x28 ./Core/Src/hardware.o
 .debug_macro   0x00001669       0x1c ./Core/Src/hardware.o
 .debug_macro   0x00001685       0x22 ./Core/Src/hardware.o
 .debug_macro   0x000016a7       0xfb ./Core/Src/hardware.o
 .debug_macro   0x000017a2     0x1011 ./Core/Src/hardware.o
 .debug_macro   0x000027b3      0x11f ./Core/Src/hardware.o
 .debug_macro   0x000028d2     0xb953 ./Core/Src/hardware.o
 .debug_macro   0x0000e225       0x6d ./Core/Src/hardware.o
 .debug_macro   0x0000e292     0x368c ./Core/Src/hardware.o
 .debug_macro   0x0001191e       0x5c ./Core/Src/hardware.o
 .debug_macro   0x0001197a      0x45c ./Core/Src/hardware.o
 .debug_macro   0x00011dd6      0x9e9 ./Core/Src/hardware.o
 .debug_macro   0x000127bf      0x115 ./Core/Src/hardware.o
 .debug_macro   0x000128d4      0x11b ./Core/Src/hardware.o
 .debug_macro   0x000129ef       0xa5 ./Core/Src/hardware.o
 .debug_macro   0x00012a94      0x15f ./Core/Src/hardware.o
 .debug_macro   0x00012bf3      0x287 ./Core/Src/hardware.o
 .debug_macro   0x00012e7a       0x5f ./Core/Src/hardware.o
 .debug_macro   0x00012ed9      0x236 ./Core/Src/hardware.o
 .debug_macro   0x0001310f      0x9e1 ./Core/Src/hardware.o
 .debug_macro   0x00013af0      0x38b ./Core/Src/hardware.o
 .debug_macro   0x00013e7b      0x17d ./Core/Src/hardware.o
 .debug_macro   0x00013ff8       0xf9 ./Core/Src/hardware.o
 .debug_macro   0x000140f1      0x132 ./Core/Src/hardware.o
 .debug_macro   0x00014223      0x264 ./Core/Src/hardware.o
 .debug_macro   0x00014487       0x2e ./Core/Src/hardware.o
 .debug_macro   0x000144b5      0x127 ./Core/Src/hardware.o
 .debug_macro   0x000145dc       0x85 ./Core/Src/hardware.o
 .debug_macro   0x00014661       0x89 ./Core/Src/hardware.o
 .debug_macro   0x000146ea      0x2aa ./Core/Src/hardware.o
 .debug_macro   0x00014994      0x126 ./Core/Src/hardware.o
 .debug_macro   0x00014aba       0x7c ./Core/Src/hardware.o
 .debug_macro   0x00014b36      0x112 ./Core/Src/hardware.o
 .debug_macro   0x00014c48       0x61 ./Core/Src/hardware.o
 .debug_macro   0x00014ca9       0x2a ./Core/Src/hardware.o
 .debug_macro   0x00014cd3       0x43 ./Core/Src/hardware.o
 .debug_macro   0x00014d16       0x34 ./Core/Src/hardware.o
 .debug_macro   0x00014d4a       0x16 ./Core/Src/hardware.o
 .debug_macro   0x00014d60       0x43 ./Core/Src/hardware.o
 .debug_macro   0x00014da3       0x34 ./Core/Src/hardware.o
 .debug_macro   0x00014dd7       0x10 ./Core/Src/hardware.o
 .debug_macro   0x00014de7       0x58 ./Core/Src/hardware.o
 .debug_macro   0x00014e3f       0x8e ./Core/Src/hardware.o
 .debug_macro   0x00014ecd       0x1c ./Core/Src/hardware.o
 .debug_macro   0x00014ee9      0x177 ./Core/Src/hardware.o
 .debug_macro   0x00015060      0x369 ./Core/Src/hardware.o
 .debug_macro   0x000153c9       0x10 ./Core/Src/hardware.o
 .debug_macro   0x000153d9       0x35 ./Core/Src/hardware.o
 .debug_macro   0x0001540e       0x20 ./Core/Src/hardware.o
 .debug_macro   0x0001542e      0x364 ./Core/Src/main.o
 .debug_macro   0x00015792       0x16 ./Core/Src/main.o
 .debug_macro   0x000157a8       0x10 ./Core/Src/main.o
 .debug_macro   0x000157b8       0x16 ./Core/Src/main.o
 .debug_macro   0x000157ce       0x16 ./Core/Src/main.o
 .debug_macro   0x000157e4      0x146 ./Core/Src/main.o
 .debug_macro   0x0001592a       0x16 ./Core/Src/main.o
 .debug_macro   0x00015940       0x16 ./Core/Src/main.o
 .debug_macro   0x00015956       0x29 ./Core/Src/main.o
 .debug_macro   0x0001597f       0x16 ./Core/Src/main.o
 .debug_macro   0x00015995      0x356 ./Core/Src/parser.o
 .debug_macro   0x00015ceb       0x5b ./Core/Src/parser.o
 .debug_macro   0x00015d46       0x94 ./Core/Src/parser.o
 .debug_macro   0x00015dda       0x57 ./Core/Src/parser.o
 .debug_macro   0x00015e31       0x9e ./Core/Src/parser.o
 .debug_macro   0x00015ecf      0x10b ./Core/Src/parser.o
 .debug_macro   0x00015fda       0x56 ./Core/Src/parser.o
 .debug_macro   0x00016030      0x1f6 ./Core/Src/stm32f4xx_hal_msp.o
 .debug_macro   0x00016226      0x1fa ./Core/Src/stm32f4xx_it.o
 .debug_macro   0x00016420       0xff ./Core/Src/sysmem.o
 .debug_macro   0x0001651f      0x23c ./Core/Src/sysmem.o
 .debug_macro   0x0001675b      0x1e2 ./Core/Src/system_stm32f4xx.o
 .debug_macro   0x0001693d      0x242 ./Drivers/STM32F4xx_HAL_Driver/Src/stm32f4xx_hal.o
 .debug_macro   0x00016b7f      0x1e3 ./Drivers/STM32F4xx_HAL_Driver/Src/stm32f4xx_hal_adc.o
 .debug_macro   0x00016d62      0x1e2 ./Drivers/STM32F4xx_HAL_Driver/Src/stm32f4xx_hal_cortex.o
 .debug_macro   0x00016f44      0x1e8 ./Drivers/STM32F4xx_HAL_Driver/Src/stm32f4xx_hal_dma.o
 .debug_macro   0x0001712c      0x1e8 ./Drivers/STM32F4xx_HAL_Driver/Src/stm32f4xx_hal_gpio.o
 .debug_macro   0x00017314      0x206 ./Drivers/STM32F4xx_HAL_Driver/Src/stm32f4xx_hal_rcc.o
 .debug_macro   0x0001751a      0x1e3 ./Drivers/STM32F4xx_HAL_Driver/Src/stm32f4xx_hal_uart.o

.debug_line     0x00000000     0xc14f
 .debug_line    0x00000000      0xf46 ./Core/Src/hardware.o
 .debug_line    0x00000f46      0xb31 ./Core/Src/main.o
 .debug_line    0x00001a77      0xc25 ./Core/Src/parser.o
 .debug_line    0x0000269c      0x87c ./Core/Src/stm32f4xx_hal_msp.o
 .debug_line    0x00002f18      0x85b ./Core/Src/stm32f4xx_it.o
 .debug_line    0x00003773      0x588 ./Core/Src/sysmem.o
 .debug_line    0x00003cfb      0x7ed ./Core/Src/system_stm32f4xx.o
 .debug_line    0x000044e8       0x7a ./Core/Startup/startup_stm32f411ceux.o
 .debug_line    0x00004562      0xa56 ./Drivers/STM32F4xx_HAL_Driver/Src/stm32f4xx_hal.o
 .debug_line    0x00004fb8     0x121e ./Drivers/STM32F4xx_HAL_Driver/Src/stm32f4xx_hal_adc.o
 .debug_line    0x000061d6      0xd1e ./Drivers/STM32F4xx_HAL_Driver/Src/stm32f4xx_hal_cortex.o
 .debug_line    0x00006ef4      0xfc6 ./Drivers/STM32F4xx_HAL_Driver/Src/stm32f4xx_hal_dma.o
 .debug_line    0x00007eba      0xba6 ./Drivers/STM32F4xx_HAL_Driver/Src/stm32f4xx_hal_gpio.o
 .debug_line    0x00008a60      0xdc7 ./Drivers/STM32F4xx_HAL_Driver/Src/stm32f4xx_hal_rcc.o
 .debug_line    0x00009827     0x2928 ./Drivers/STM32F4xx_HAL_Driver/Src/stm32f4xx_hal_uart.o

.debug_str      0x00000000    0x921c0
 .debug_str     0x00000000    0x8f283 ./Core/Src/hardware.o
                              0x8f5cc (size before relaxing)
 .debug_str     0x0008f283      0xbec ./Core/Src/main.o
                              0x8ffaa (size before relaxing)
 .debug_str     0x0008fe6f       0x54 ./Core/Src/parser.o
                              0x8f63d (size before relaxing)
 .debug_str     0x0008fec3      0x459 ./Core/Src/stm32f4xx_hal_msp.o
                              0x8c1f9 (size before relaxing)
 .debug_str     0x0009031c       0xef ./Core/Src/stm32f4xx_it.o
                              0x8bb7c (size before relaxing)
 .debug_str     0x0009040b      0x4dc ./Core/Src/sysmem.o
                               0x60e0 (size before relaxing)
 .debug_str     0x000908e7       0xdb ./Core/Src/system_stm32f4xx.o
                              0x8b7ef (size before relaxing)
 .debug_str     0x000909c2       0x44 ./Core/Startup/startup_stm32f411ceux.o
                                 0x93 (size before relaxing)
 .debug_str     0x00090a06      0x617 ./Drivers/STM32F4xx_HAL_Driver/Src/stm32f4xx_hal.o
                              0x8c21b (size before relaxing)
 .debug_str     0x0009101d      0x29a ./Drivers/STM32F4xx_HAL_Driver/Src/stm32f4xx_hal_adc.o
                              0x8bdca (size before relaxing)
 .debug_str     0x000912b7      0x329 ./Drivers/STM32F4xx_HAL_Driver/Src/stm32f4xx_hal_cortex.o
                              0x8bf53 (size before relaxing)
 .debug_str     0x000915e0      0x304 ./Drivers/STM32F4xx_HAL_Driver/Src/stm32f4xx_hal_dma.o
                              0x8bbf7 (size before relaxing)
 .debug_str     0x000918e4      0x121 ./Drivers/STM32F4xx_HAL_Driver/Src/stm32f4xx_hal_gpio.o
                              0x8b96a (size before relaxing)
 .debug_str     0x00091a05      0x233 ./Drivers/STM32F4xx_HAL_Driver/Src/stm32f4xx_hal_rcc.o
                              0x8bc23 (size before relaxing)
 .debug_str     0x00091c38      0x588 ./Drivers/STM32F4xx_HAL_Driver/Src/stm32f4xx_hal_uart.o
                              0x8c1f2 (size before relaxing)

.comment        0x00000000       0x43
 .comment       0x00000000       0x43 ./Core/Src/hardware.o
                                 0x44 (size before relaxing)
 .comment       0x00000043       0x44 ./Core/Src/main.o
 .comment       0x00000043       0x44 ./Core/Src/parser.o
 .comment       0x00000043       0x44 ./Core/Src/stm32f4xx_hal_msp.o
 .comment       0x00000043       0x44 ./Core/Src/stm32f4xx_it.o
 .comment       0x00000043       0x44 ./Core/Src/sysmem.o
 .comment       0x00000043       0x44 ./Core/Src/system_stm32f4xx.o
 .comment       0x00000043       0x44 ./Drivers/STM32F4xx_HAL_Driver/Src/stm32f4xx_hal.o
 .comment       0x00000043       0x44 ./Drivers/STM32F4xx_HAL_Driver/Src/stm32f4xx_hal_adc.o
 .comment       0x00000043       0x44 ./Drivers/STM32F4xx_HAL_Driver/Src/stm32f4xx_hal_cortex.o
 .comment       0x00000043       0x44 ./Drivers/STM32F4xx_HAL_Driver/Src/stm32f4xx_hal_dma.o
 .comment       0x00000043       0x44 ./Drivers/STM32F4xx_HAL_Driver/Src/stm32f4xx_hal_gpio.o
 .comment       0x00000043       0x44 ./Drivers/STM32F4xx_HAL_Driver/Src/stm32f4xx_hal_rcc.o
 .comment       0x00000043       0x44 ./Drivers/STM32F4xx_HAL_Driver/Src/stm32f4xx_hal_uart.o

.debug_frame    0x00000000     0x25f8
 .debug_frame   0x00000000      0x26c ./Core/Src/hardware.o
 .debug_frame   0x0000026c      0x130 ./Core/Src/main.o
 .debug_frame   0x0000039c       0xec ./Core/Src/parser.o
 .debug_frame   0x00000488       0xc8 ./Core/Src/stm32f4xx_hal_msp.o
 .debug_frame   0x00000550      0x13c ./Core/Src/stm32f4xx_it.o
 .debug_frame   0x0000068c       0x34 ./Core/Src/sysmem.o
 .debug_frame   0x000006c0       0x58 ./Core/Src/system_stm32f4xx.o
 .debug_frame   0x00000718      0x374 ./Drivers/STM32F4xx_HAL_Driver/Src/stm32f4xx_hal.o
 .debug_frame   0x00000a8c      0x3fc ./Drivers/STM32F4xx_HAL_Driver/Src/stm32f4xx_hal_adc.o
 .debug_frame   0x00000e88      0x4b8 ./Drivers/STM32F4xx_HAL_Driver/Src/stm32f4xx_hal_cortex.o
 .debug_frame   0x00001340      0x250 ./Drivers/STM32F4xx_HAL_Driver/Src/stm32f4xx_hal_dma.o
 .debug_frame   0x00001590      0x14c ./Drivers/STM32F4xx_HAL_Driver/Src/stm32f4xx_hal_gpio.o
 .debug_frame   0x000016dc      0x1f4 ./Drivers/STM32F4xx_HAL_Driver/Src/stm32f4xx_hal_rcc.o
 .debug_frame   0x000018d0      0x954 ./Drivers/STM32F4xx_HAL_Driver/Src/stm32f4xx_hal_uart.o
 .debug_frame   0x00002224       0x30 C:/Users/user/Applications/STM32CubeIDE/plugins/com.st.stm32cube.ide.mcu.externaltools.gnu-tools-for-stm32.12.3.rel1.win32_1.0.100.202403111256/tools/bin/../lib/gcc/arm-none-eabi/12.3.1/../../../../arm-none-eabi/lib/thumb/v7e-m+fp/hard\libc_nano.a(libc_a-malloc.o)
 .debug_frame   0x00002254       0x50 C:/Users/user/Applications/STM32CubeIDE/plugins/com.st.stm32cube.ide.mcu.externaltools.gnu-tools-for-stm32.12.3.rel1.win32_1.0.100.202403111256/tools/bin/../lib/gcc/arm-none-eabi/12.3.1/../../../../arm-none-eabi/lib/thumb/v7e-m+fp/hard\libc_nano.a(libc_a-mallocr.o)
 .debug_frame   0x000022a4       0x30 C:/Users/user/Applications/STM32CubeIDE/plugins/com.st.stm32cube.ide.mcu.externaltools.gnu-tools-for-stm32.12.3.rel1.win32_1.0.100.202403111256/tools/bin/../lib/gcc/arm-none-eabi/12.3.1/../../../../arm-none-eabi/lib/thumb/v7e-m+fp/hard\libc_nano.a(libc_a-mlock.o)
 .debug_frame   0x000022d4      0x144 C:/Users/user/Applications/STM32CubeIDE/plugins/com.st.stm32cube.ide.mcu.externaltools.gnu-tools-for-stm32.12.3.rel1.win32_1.0.100.202403111256/tools/bin/../lib/gcc/arm-none-eabi/12.3.1/../../../../arm-none-eabi/lib/thumb/v7e-m+fp/hard\libc_nano.a(libc_a-findfp.o)
 .debug_frame   0x00002418       0x20 C:/Users/user/Applications/STM32CubeIDE/plugins/com.st.stm32cube.ide.mcu.externaltools.gnu-tools-for-stm32.12.3.rel1.win32_1.0.100.202403111256/tools/bin/../lib/gcc/arm-none-eabi/12.3.1/../../../../arm-none-eabi/lib/thumb/v7e-m+fp/hard\libc_nano.a(libc_a-memset.o)
 .debug_frame   0x00002438       0x38 C:/Users/user/Applications/STM32CubeIDE/plugins/com.st.stm32cube.ide.mcu.externaltools.gnu-tools-for-stm32.12.3.rel1.win32_1.0.100.202403111256/tools/bin/../lib/gcc/arm-none-eabi/12.3.1/../../../../arm-none-eabi/lib/thumb/v7e-m+fp/hard\libc_nano.a(libc_a-reent.o)
 .debug_frame   0x00002470       0x2c C:/Users/user/Applications/STM32CubeIDE/plugins/com.st.stm32cube.ide.mcu.externaltools.gnu-tools-for-stm32.12.3.rel1.win32_1.0.100.202403111256/tools/bin/../lib/gcc/arm-none-eabi/12.3.1/../../../../arm-none-eabi/lib/thumb/v7e-m+fp/hard\libc_nano.a(libc_a-sbrkr.o)
 .debug_frame   0x0000249c       0x20 C:/Users/user/Applications/STM32CubeIDE/plugins/com.st.stm32cube.ide.mcu.externaltools.gnu-tools-for-stm32.12.3.rel1.win32_1.0.100.202403111256/tools/bin/../lib/gcc/arm-none-eabi/12.3.1/../../../../arm-none-eabi/lib/thumb/v7e-m+fp/hard\libc_nano.a(libc_a-errno.o)
 .debug_frame   0x000024bc       0x2c C:/Users/user/Applications/STM32CubeIDE/plugins/com.st.stm32cube.ide.mcu.externaltools.gnu-tools-for-stm32.12.3.rel1.win32_1.0.100.202403111256/tools/bin/../lib/gcc/arm-none-eabi/12.3.1/../../../../arm-none-eabi/lib/thumb/v7e-m+fp/hard\libc_nano.a(libc_a-init.o)
 .debug_frame   0x000024e8       0xb0 C:/Users/user/Applications/STM32CubeIDE/plugins/com.st.stm32cube.ide.mcu.externaltools.gnu-tools-for-stm32.12.3.rel1.win32_1.0.100.202403111256/tools/bin/../lib/gcc/arm-none-eabi/12.3.1/../../../../arm-none-eabi/lib/thumb/v7e-m+fp/hard\libc_nano.a(libc_a-lock.o)
 .debug_frame   0x00002598       0x2c C:/Users/user/Applications/STM32CubeIDE/plugins/com.st.stm32cube.ide.mcu.externaltools.gnu-tools-for-stm32.12.3.rel1.win32_1.0.100.202403111256/tools/bin/../lib/gcc/arm-none-eabi/12.3.1/thumb/v7e-m+fp/hard\libgcc.a(_aeabi_uldivmod.o)
 .debug_frame   0x000025c4       0x34 C:/Users/user/Applications/STM32CubeIDE/plugins/com.st.stm32cube.ide.mcu.externaltools.gnu-tools-for-stm32.12.3.rel1.win32_1.0.100.202403111256/tools/bin/../lib/gcc/arm-none-eabi/12.3.1/thumb/v7e-m+fp/hard\libgcc.a(_udivmoddi4.o)

.debug_line_str
                0x00000000       0x77
 .debug_line_str
                0x00000000       0x77 ./Core/Startup/startup_stm32f411ceux.o
