../Core/Src/main.c:80:5:main	8	static
../Core/Src/main.c:130:6:SystemClock_Config	88	static
../Core/Src/main.c:175:13:MX_ADC1_Init	24	static
../Core/Src/main.c:268:13:MX_USART1_UART_Init	8	static
../Core/Src/main.c:301:13:MX_USART2_UART_Init	8	static
../Core/Src/main.c:334:13:MX_USART6_UART_Init	8	static
../Core/Src/main.c:367:13:MX_GPIO_Init	48	static
../Core/Src/main.c:408:6:HAL_UART_RxCpltCallback	24	static
../Core/Src/main.c:429:6:HAL_UART_ErrorCallback	32	static
../Core/Src/main.c:444:6:Error_Handler	4	static,ignoring_inline_asm
