../Core/Src/main.c:81:6:update_gps_time	24	static
../Core/Src/main.c:93:6:ADC_IN0_Voltage	8	static
../Core/Src/main.c:110:5:main	8	static
../Core/Src/main.c:171:6:SystemClock_Config	88	static
../Core/Src/main.c:216:13:MX_ADC1_Init	24	static
../Core/Src/main.c:268:13:MX_USART1_UART_Init	8	static
../Core/Src/main.c:301:13:MX_USART2_UART_Init	8	static
../Core/Src/main.c:334:13:MX_USART6_UART_Init	8	static
../Core/Src/main.c:367:13:MX_GPIO_Init	48	static
../Core/Src/main.c:418:6:Error_Handler	4	static,ignoring_inline_asm
